// Jest Snapshot v1, https://goo.gl/fbAQLP

exports[`controller sceneTree test set parent in engine no drag 1`] = `
<article
  className="wonder-sceneTree-component"
>
  <article
    className="wonder-tree"
  >
    <ul
      className="wonder-tree-node"
    >
      <li>
        <div
          className="item-triangle"
          onMouseDown={[Function]}
        >
          <img
            src="./public/img/down.png"
          />
        </div>
        <div
          className="draggable-container"
          draggable={true}
          onDragEnd={[Function]}
          onDragEnter={[Function]}
          onDragLeave={[Function]}
          onDragOver={[Function]}
          onDragStart={[Function]}
          onDrop={[Function]}
          onMouseDown={[Function]}
          style={Object {}}
        >
          Scene
        </div>
      </li>
      <ul
        className="wonder-tree-node"
      >
        <li>
          <div
            className="item-triangle"
          />
          <div
            className="draggable-container"
            draggable={true}
            onDragEnd={[Function]}
            onDragEnter={[Function]}
            onDragLeave={[Function]}
            onDragOver={[Function]}
            onDragStart={[Function]}
            onDrop={[Function]}
            onMouseDown={[Function]}
            style={Object {}}
          >
            Camera
          </div>
        </li>
      </ul>
      <ul
        className="wonder-tree-node"
      >
        <li>
          <div
            className="item-triangle"
          />
          <div
            className="draggable-container select-active"
            draggable={true}
            onDragEnd={[Function]}
            onDragEnter={[Function]}
            onDragLeave={[Function]}
            onDragOver={[Function]}
            onDragStart={[Function]}
            onDrop={[Function]}
            onMouseDown={[Function]}
            style={Object {}}
          >
            Cube
          </div>
        </li>
      </ul>
      <ul
        className="wonder-tree-node"
      >
        <li>
          <div
            className="item-triangle"
          />
          <div
            className="draggable-container"
            draggable={true}
            onDragEnd={[Function]}
            onDragEnter={[Function]}
            onDragLeave={[Function]}
            onDragOver={[Function]}
            onDragStart={[Function]}
            onDrop={[Function]}
            onMouseDown={[Function]}
            style={Object {}}
          >
            Cube
          </div>
        </li>
      </ul>
      <ul
        className="wonder-tree-node"
      >
        <li>
          <div
            className="item-triangle"
          />
          <div
            className="draggable-container"
            draggable={true}
            onDragEnd={[Function]}
            onDragEnter={[Function]}
            onDragLeave={[Function]}
            onDragOver={[Function]}
            onDragStart={[Function]}
            onDrop={[Function]}
            onMouseDown={[Function]}
            style={Object {}}
          >
            Direction Light
          </div>
        </li>
      </ul>
    </ul>
  </article>
</article>
`;
