// Jest Snapshot v1, https://goo.gl/fbAQLP

exports[`controller inspector component test add component test add component in inspector test add sourceInstance component inspector should show sourceInstance component 1`] = `
<article
  className="wonder-inspector-component"
>
  <article
    className="wonder-inspector-sceneTree"
  >
    <article
      className="componentBox-component"
    >
      <div
        className="header"
      >
        <div
          className="header-triangle"
          onClick={[Function]}
        >
          <span
            className="triangle-bottom"
          />
        </div>
        <div
          className="header-title"
        >
          Name
        </div>
      </div>
      <div>
        <article
          className="wonder-string-input"
        >
          <input
            className="input-component float-input"
            onBlur={[Function]}
            onChange={[Function]}
            type="text"
            value="cube"
          />
        </article>
      </div>
    </article>
    <article
      className="componentBox-component"
    >
      <div
        className="header"
      >
        <div
          className="header-triangle"
          onClick={[Function]}
        >
          <span
            className="triangle-bottom"
          />
        </div>
        <div
          className="header-title"
        >
          transform
        </div>
      </div>
      <article
        className="wonder-inspector-transform"
      >
        <article
          className="wonder-float-input"
        >
          <span
            className="component-label"
          >
            X : 
          </span>
          <input
            className="input-component float-input"
            onBlur={[Function]}
            onChange={[Function]}
            type="text"
            value="0"
          />
        </article>
        <article
          className="wonder-float-input"
        >
          <span
            className="component-label"
          >
            Y : 
          </span>
          <input
            className="input-component float-input"
            onBlur={[Function]}
            onChange={[Function]}
            type="text"
            value="0"
          />
        </article>
        <article
          className="wonder-float-input"
        >
          <span
            className="component-label"
          >
            Z : 
          </span>
          <input
            className="input-component float-input"
            onBlur={[Function]}
            onChange={[Function]}
            type="text"
            value="0"
          />
        </article>
      </article>
    </article>
    <article
      className="componentBox-component"
    >
      <div
        className="header"
      >
        <div
          className="header-triangle"
          onClick={[Function]}
        >
          <span
            className="triangle-bottom"
          />
        </div>
        <div
          className="header-title"
        >
          basicMaterial
        </div>
      </div>
      <article
        className="wonder-inspector-material"
      >
        <article
          className="wonder-material-color"
        >
          <div
            className=""
          >
            <span
              className=""
            >
              color : 
            </span>
            <span
              className=""
            >
              #ffffff
            </span>
            <button
              className=""
              onClick={[Function]}
            >
              pick color
            </button>
          </div>
        </article>
        <article
          className="wonder-material-texture"
        >
          <div
            className="texture_ground"
            onDragEnter={[Function]}
            onDragLeave={[Function]}
            onDragOver={[Function]}
            onDrop={[Function]}
            style={
              Object {
                "opacity": "1",
              }
            }
          />
          <span
            className=""
          >
            texture:
          </span>
          <img
            src="./public/img/null.jpg"
          />
          <button
            className="texture_remove"
            onClick={[Function]}
          >
            remove
          </button>
        </article>
      </article>
    </article>
    <article
      className="componentBox-component"
    >
      <div
        className="header"
      >
        <div
          className="header-triangle"
          onClick={[Function]}
        >
          <span
            className="triangle-bottom"
          />
        </div>
        <div
          className="header-title"
        >
          sourceInstance
        </div>
        <span
          className="header-close"
        >
          x
        </span>
      </div>
      <div>
        simulate source instance
      </div>
    </article>
    <article
      className="wonder-addable-component"
    >
      <button
        disabled={true}
        onClick={[Function]}
      >
        add component
      </button>
    </article>
  </article>
</article>
`;
