// Jest Snapshot v1, https://goo.gl/fbAQLP

exports[`redo_undo: dispose gameObject prepare first step: set currentSceneTreeNode test operate disposeGameObject(because the set currentSceneTreeNode operation is redoUndoable, so need execute redo/undo operation twice for dispose one gameObject) test redo operate test redo one step undo step which from second to zero,redo step which from zero to first 1`] = `
<article
  className="wonder-sceneTree-component"
>
  <article
    className="wonder-tree"
  >
    <ul
      className="wonder-tree-node"
    >
      <li>
        <div
          className="item-triangle"
          onMouseDown={[Function]}
        >
          <img
            src="./public/img/down.png"
          />
        </div>
        <div
          className="draggable-container"
          draggable={true}
          onDragEnd={[Function]}
          onDragEnter={[Function]}
          onDragLeave={[Function]}
          onDragOver={[Function]}
          onDragStart={[Function]}
          onDrop={[Function]}
          onMouseDown={[Function]}
          style={Object {}}
        >
          Scene
        </div>
      </li>
      <ul
        className="wonder-tree-node"
      >
        <li>
          <div
            className="item-triangle"
          />
          <div
            className="draggable-container"
            draggable={true}
            onDragEnd={[Function]}
            onDragEnter={[Function]}
            onDragLeave={[Function]}
            onDragOver={[Function]}
            onDragStart={[Function]}
            onDrop={[Function]}
            onMouseDown={[Function]}
            style={Object {}}
          >
            Camera
          </div>
        </li>
      </ul>
      <ul
        className="wonder-tree-node"
      >
        <li>
          <div
            className="item-triangle"
          />
          <div
            className="draggable-container select-active"
            draggable={true}
            onDragEnd={[Function]}
            onDragEnter={[Function]}
            onDragLeave={[Function]}
            onDragOver={[Function]}
            onDragStart={[Function]}
            onDrop={[Function]}
            onMouseDown={[Function]}
            style={Object {}}
          >
            Cube
          </div>
        </li>
      </ul>
      <ul
        className="wonder-tree-node"
      >
        <li>
          <div
            className="item-triangle"
          />
          <div
            className="draggable-container"
            draggable={true}
            onDragEnd={[Function]}
            onDragEnter={[Function]}
            onDragLeave={[Function]}
            onDragOver={[Function]}
            onDragStart={[Function]}
            onDrop={[Function]}
            onMouseDown={[Function]}
            style={Object {}}
          >
            Direction Light
          </div>
        </li>
      </ul>
    </ul>
  </article>
</article>
`;

exports[`redo_undo: dispose gameObject prepare first step: set currentSceneTreeNode test operate disposeGameObject(because the set currentSceneTreeNode operation is redoUndoable, so need execute redo/undo operation twice for dispose one gameObject) test redo operate test redo two step undo step which from second to zero,redo step which from zero to second 1`] = `
<article
  className="wonder-sceneTree-component"
>
  <article
    className="wonder-tree"
  >
    <ul
      className="wonder-tree-node"
    >
      <li>
        <div
          className="item-triangle"
          onMouseDown={[Function]}
        >
          <img
            src="./public/img/down.png"
          />
        </div>
        <div
          className="draggable-container"
          draggable={true}
          onDragEnd={[Function]}
          onDragEnter={[Function]}
          onDragLeave={[Function]}
          onDragOver={[Function]}
          onDragStart={[Function]}
          onDrop={[Function]}
          onMouseDown={[Function]}
          style={Object {}}
        >
          Scene
        </div>
      </li>
      <ul
        className="wonder-tree-node"
      >
        <li>
          <div
            className="item-triangle"
          />
          <div
            className="draggable-container"
            draggable={true}
            onDragEnd={[Function]}
            onDragEnter={[Function]}
            onDragLeave={[Function]}
            onDragOver={[Function]}
            onDragStart={[Function]}
            onDrop={[Function]}
            onMouseDown={[Function]}
            style={Object {}}
          >
            Camera
          </div>
        </li>
      </ul>
      <ul
        className="wonder-tree-node"
      >
        <li>
          <div
            className="item-triangle"
          />
          <div
            className="draggable-container"
            draggable={true}
            onDragEnd={[Function]}
            onDragEnter={[Function]}
            onDragLeave={[Function]}
            onDragOver={[Function]}
            onDragStart={[Function]}
            onDrop={[Function]}
            onMouseDown={[Function]}
            style={Object {}}
          >
            Direction Light
          </div>
        </li>
      </ul>
    </ul>
  </article>
</article>
`;

exports[`redo_undo: dispose gameObject prepare first step: set currentSceneTreeNode test operate disposeGameObject(because the set currentSceneTreeNode operation is redoUndoable, so need execute redo/undo operation twice for dispose one gameObject) test undo operate test not undo 1`] = `
<article
  className="wonder-sceneTree-component"
>
  <article
    className="wonder-tree"
  >
    <ul
      className="wonder-tree-node"
    >
      <li>
        <div
          className="item-triangle"
          onMouseDown={[Function]}
        >
          <img
            src="./public/img/down.png"
          />
        </div>
        <div
          className="draggable-container"
          draggable={true}
          onDragEnd={[Function]}
          onDragEnter={[Function]}
          onDragLeave={[Function]}
          onDragOver={[Function]}
          onDragStart={[Function]}
          onDrop={[Function]}
          onMouseDown={[Function]}
          style={Object {}}
        >
          Scene
        </div>
      </li>
      <ul
        className="wonder-tree-node"
      >
        <li>
          <div
            className="item-triangle"
          />
          <div
            className="draggable-container"
            draggable={true}
            onDragEnd={[Function]}
            onDragEnter={[Function]}
            onDragLeave={[Function]}
            onDragOver={[Function]}
            onDragStart={[Function]}
            onDrop={[Function]}
            onMouseDown={[Function]}
            style={Object {}}
          >
            Camera
          </div>
        </li>
      </ul>
      <ul
        className="wonder-tree-node"
      >
        <li>
          <div
            className="item-triangle"
          />
          <div
            className="draggable-container"
            draggable={true}
            onDragEnd={[Function]}
            onDragEnter={[Function]}
            onDragLeave={[Function]}
            onDragOver={[Function]}
            onDragStart={[Function]}
            onDrop={[Function]}
            onMouseDown={[Function]}
            style={Object {}}
          >
            Direction Light
          </div>
        </li>
      </ul>
    </ul>
  </article>
</article>
`;

exports[`redo_undo: dispose gameObject prepare first step: set currentSceneTreeNode test operate disposeGameObject(because the set currentSceneTreeNode operation is redoUndoable, so need execute redo/undo operation twice for dispose one gameObject) test undo operate test undo one step test undo two step step which from second to zero 1`] = `
<article
  className="wonder-sceneTree-component"
>
  <article
    className="wonder-tree"
  >
    <ul
      className="wonder-tree-node"
    >
      <li>
        <div
          className="item-triangle"
          onMouseDown={[Function]}
        >
          <img
            src="./public/img/down.png"
          />
        </div>
        <div
          className="draggable-container"
          draggable={true}
          onDragEnd={[Function]}
          onDragEnter={[Function]}
          onDragLeave={[Function]}
          onDragOver={[Function]}
          onDragStart={[Function]}
          onDrop={[Function]}
          onMouseDown={[Function]}
          style={Object {}}
        >
          Scene
        </div>
      </li>
      <ul
        className="wonder-tree-node"
      >
        <li>
          <div
            className="item-triangle"
          />
          <div
            className="draggable-container"
            draggable={true}
            onDragEnd={[Function]}
            onDragEnter={[Function]}
            onDragLeave={[Function]}
            onDragOver={[Function]}
            onDragStart={[Function]}
            onDrop={[Function]}
            onMouseDown={[Function]}
            style={Object {}}
          >
            Camera
          </div>
        </li>
      </ul>
      <ul
        className="wonder-tree-node"
      >
        <li>
          <div
            className="item-triangle"
          />
          <div
            className="draggable-container"
            draggable={true}
            onDragEnd={[Function]}
            onDragEnter={[Function]}
            onDragLeave={[Function]}
            onDragOver={[Function]}
            onDragStart={[Function]}
            onDrop={[Function]}
            onMouseDown={[Function]}
            style={Object {}}
          >
            Cube
          </div>
        </li>
      </ul>
      <ul
        className="wonder-tree-node"
      >
        <li>
          <div
            className="item-triangle"
          />
          <div
            className="draggable-container select-active"
            draggable={true}
            onDragEnd={[Function]}
            onDragEnter={[Function]}
            onDragLeave={[Function]}
            onDragOver={[Function]}
            onDragStart={[Function]}
            onDrop={[Function]}
            onMouseDown={[Function]}
            style={Object {}}
          >
            Cube
          </div>
        </li>
      </ul>
      <ul
        className="wonder-tree-node"
      >
        <li>
          <div
            className="item-triangle"
          />
          <div
            className="draggable-container"
            draggable={true}
            onDragEnd={[Function]}
            onDragEnter={[Function]}
            onDragLeave={[Function]}
            onDragOver={[Function]}
            onDragStart={[Function]}
            onDrop={[Function]}
            onMouseDown={[Function]}
            style={Object {}}
          >
            Direction Light
          </div>
        </li>
      </ul>
    </ul>
  </article>
</article>
`;

exports[`redo_undo: dispose gameObject prepare first step: set currentSceneTreeNode test operate disposeGameObject(because the set currentSceneTreeNode operation is redoUndoable, so need execute redo/undo operation twice for dispose one gameObject) test undo operate test undo one step undo step which from second to first 1`] = `
<article
  className="wonder-sceneTree-component"
>
  <article
    className="wonder-tree"
  >
    <ul
      className="wonder-tree-node"
    >
      <li>
        <div
          className="item-triangle"
          onMouseDown={[Function]}
        >
          <img
            src="./public/img/down.png"
          />
        </div>
        <div
          className="draggable-container"
          draggable={true}
          onDragEnd={[Function]}
          onDragEnter={[Function]}
          onDragLeave={[Function]}
          onDragOver={[Function]}
          onDragStart={[Function]}
          onDrop={[Function]}
          onMouseDown={[Function]}
          style={Object {}}
        >
          Scene
        </div>
      </li>
      <ul
        className="wonder-tree-node"
      >
        <li>
          <div
            className="item-triangle"
          />
          <div
            className="draggable-container"
            draggable={true}
            onDragEnd={[Function]}
            onDragEnter={[Function]}
            onDragLeave={[Function]}
            onDragOver={[Function]}
            onDragStart={[Function]}
            onDrop={[Function]}
            onMouseDown={[Function]}
            style={Object {}}
          >
            Camera
          </div>
        </li>
      </ul>
      <ul
        className="wonder-tree-node"
      >
        <li>
          <div
            className="item-triangle"
          />
          <div
            className="draggable-container select-active"
            draggable={true}
            onDragEnd={[Function]}
            onDragEnter={[Function]}
            onDragLeave={[Function]}
            onDragOver={[Function]}
            onDragStart={[Function]}
            onDrop={[Function]}
            onMouseDown={[Function]}
            style={Object {}}
          >
            Cube
          </div>
        </li>
      </ul>
      <ul
        className="wonder-tree-node"
      >
        <li>
          <div
            className="item-triangle"
          />
          <div
            className="draggable-container"
            draggable={true}
            onDragEnd={[Function]}
            onDragEnter={[Function]}
            onDragLeave={[Function]}
            onDragOver={[Function]}
            onDragStart={[Function]}
            onDrop={[Function]}
            onMouseDown={[Function]}
            style={Object {}}
          >
            Direction Light
          </div>
        </li>
      </ul>
    </ul>
  </article>
</article>
`;
