// Jest Snapshot v1, https://goo.gl/fbAQLP

exports[`MainEditorAssetHeader->remove assetBundle 
        select assetBundle;
        click remove-button;
             should remove it from assetTreeRoot 1`] = `
<article
  className="wonder-asset-assetChildren"
/>
`;
