// Jest Snapshot v1, https://goo.gl/fbAQLP

exports[`header import package->dispose assets dispose material assets 
          1.load BoxTextured wdb asset w1;
          2.drag w1 to scene tree to be gameObject g1;
          3.export;
          4.import;

          g1->material->select material group widget should have only one wdb material
           1`] = `
<article
  className="wonder-inspector-material"
>
  <div
    className="inspector-item"
  >
    <div
      className="item-header"
      title="material in use which is default or material asset"
    >
      Material
    </div>
    <div
      className="item-content"
    >
      <div
        className="inspector-select"
      >
        <div
          className="select-name"
          onClick={[Function]}
        >
          Texture
        </div>
        <div
          className="select-img"
          onClick={[Function]}
        >
          <img
            src="./public/img/select.png"
          />
        </div>
      </div>
    </div>
  </div>
  <div
    className="select-component-content"
  >
    <div
      className="select-component-item"
    >
      <div
        className="select-item-header"
      >
        Material
      </div>
      <div
        className="select-item-body"
      >
        <div
          className="select-item-content select-item-active"
          onClick={[Function]}
        >
          Texture
        </div>
        <div
          className="select-item-content"
          onClick={[Function]}
        >
          Wonder-Default-Basic-Material
        </div>
        <div
          className="select-item-content"
          onClick={[Function]}
        >
          Wonder-Default-Light-Material
        </div>
      </div>
    </div>
    <div
      className="select-component-bg"
      onClick={[Function]}
    />
  </div>
  <div
    className="material-value"
  >
    <article
      className="inspector-item"
    >
      <div
        className="item-header"
        title="material's type"
      >
        Type
      </div>
      <div
        className="item-content"
      >
        <select
          onChange={[Function]}
          value="1"
        >
          <option
            value="0"
          >
            basic_material
          </option>
          <option
            value="1"
          >
            light_material
          </option>
        </select>
      </div>
    </article>
    <div
      className=""
    >
      <article
        className="wonder-light-material"
      >
        <article
          className="color-pick"
        >
          <div
            className="item-header"
            title="material's diffuse color"
          >
            Diffuse Color
          </div>
          <div
            className="item-content item-color"
          >
            <div
              className="color-hex"
              onClick={[Function]}
              style={
                Object {
                  "background": "#ffffff",
                }
              }
            />
            <div
              className="color-select"
              onClick={[Function]}
            >
              <img
                src="./public/img/color.png"
              />
            </div>
          </div>
        </article>
        <article
          className="selectAssetNode-item"
        >
          <div
            className="item-header"
            title="material's diffuse map"
          >
            Diffuse Map
          </div>
          <div
            className="item-content"
          >
            <div
              className="img"
              onClick={[Function]}
              style={
                Object {
                  "opacity": "1",
                }
              }
            >
              <div
                className="img-dragBg"
                onDragEnter={[Function]}
                onDragLeave={[Function]}
                onDragOver={[Function]}
                onDrop={[Function]}
              />
              <img
                src="object_url3"
              />
            </div>
            <button
              className="remove"
              onClick={[Function]}
            >
              Remove
            </button>
          </div>
        </article>
        <article
          className="inspector-item wonder-float-input"
        >
          <div
            className="item-header component-label"
            onMouseDown={[Function]}
            onMouseMove={[Function]}
            onMouseUp={[Function]}
            title="material's shininess"
          >
            Shininess
          </div>
          <div
            className="item-content"
          >
            <input
              className="input-component float-input"
              onBlur={[Function]}
              onChange={[Function]}
              type="text"
              value="32"
            />
          </div>
        </article>
      </article>
    </div>
  </div>
</article>
`;

exports[`header import package->dispose assets dispose wdb assets dispose geometry assets 
          1.load BoxTextured wdb asset w1;
          2.drag w1 to scene tree to be gameObject g1;
          3.export;
          4.import;


          g1->geometry->select geometry group widget should have only one wdb geometry and be using it
           1`] = `
<article
  className="wonder-inspector-geometry"
>
  <div
    className="inspector-item"
  >
    <div
      className="item-header"
      title="geometry in use which is default or model's geometry"
    >
      Geometry
    </div>
    <div
      className="item-content"
    >
      <div
        className="inspector-select"
      >
        <div
          className="select-name"
          onClick={[Function]}
        >
          Mesh
        </div>
        <div
          className="select-img"
          onClick={[Function]}
        >
          <img
            src="./public/img/select.png"
          />
        </div>
      </div>
    </div>
  </div>
  <div
    className="select-component-content"
  >
    <div
      className="select-component-item"
    >
      <div
        className="select-item-header"
      >
        Geometry
      </div>
      <div
        className="select-item-body"
      >
        <div
          className="select-item-content select-item-active"
          onClick={[Function]}
        >
          Mesh
        </div>
        <div
          className="select-item-content"
          onClick={[Function]}
        >
          Wonder-Default-Cube
        </div>
        <div
          className="select-item-content"
          onClick={[Function]}
        >
          Wonder-Default-Sphere
        </div>
      </div>
    </div>
    <div
      className="select-component-bg"
      onClick={[Function]}
    />
  </div>
</article>
`;
