// Jest Snapshot v1, https://goo.gl/fbAQLP

exports[`header publish local->asset bundle test ui test show select tree with only asset bundles 1`] = `
<article
  className="wonder-singleInput-modal"
>
  <div
    className="modal-item"
  >
    <div
      className="modal-item-header"
    >
      publish local
      <img
        onClick={[Function]}
        src="./public/img/close.png"
      />
    </div>
    <div
      className="modal-item-content"
    >
      <div
        className="content-field"
      >
        <div
          className="field-title"
        >
          name
        </div>
        <div
          className="field-content"
        >
          <input
            className="input-component"
            onChange={[Function]}
            type="text"
            value="WonderLocal"
          />
        </div>
      </div>
      <div
        className="content-field"
      >
        <div
          className="field-title"
        >
          useWorker
        </div>
        <div
          className="field-content"
        >
          <input
            defaultChecked={false}
            onClick={[Function]}
            type="checkbox"
          />
        </div>
      </div>
      <div
        className="content-field"
      >
        <div
          className="field-title"
        >
          useAssetBundle
        </div>
        <div
          className="field-content"
        >
          <input
            defaultChecked={true}
            onClick={[Function]}
            type="checkbox"
          />
        </div>
      </div>
      <article
        className="wonder-selectTree"
      >
        <ul
          className="wonder-tree-node"
        >
          <li>
            <div
              className="item-triangle"
            >
              <img
                src="./public/img/down.png"
              />
            </div>
            <div
              className="select-box"
            >
              <input
                defaultChecked={false}
                onClick={[Function]}
                type="checkbox"
              />
            </div>
            <img
              className="treeNode-icon"
              src="./public/img/package.png"
            />
            <span>
              Assets
            </span>
          </li>
          <ul
            className="wonder-tree-node"
          >
            <li>
              <div
                className="item-triangle"
              >
                <img
                  src="./public/img/down.png"
                />
              </div>
              <div
                className="select-box"
              >
                <input
                  defaultChecked={false}
                  onClick={[Function]}
                  type="checkbox"
                />
              </div>
              <img
                className="treeNode-icon"
                src="./public/img/package.png"
              />
              <span>
                New Folder
              </span>
            </li>
            <ul
              className="wonder-tree-node"
            >
              <li>
                <div
                  className="item-triangle"
                />
                <div
                  className="select-box"
                >
                  <input
                    defaultChecked={false}
                    onClick={[Function]}
                    type="checkbox"
                  />
                </div>
                <img
                  className="treeNode-icon"
                  src="./public/img/assetBundle.png"
                />
                <span>
                  A
                </span>
              </li>
            </ul>
            <ul
              className="wonder-tree-node"
            >
              <li>
                <div
                  className="item-triangle"
                />
                <div
                  className="select-box"
                >
                  <input
                    defaultChecked={false}
                    onClick={[Function]}
                    type="checkbox"
                  />
                </div>
                <img
                  className="treeNode-icon"
                  src="./public/img/assetBundle.png"
                />
                <span>
                  B
                </span>
              </li>
            </ul>
          </ul>
        </ul>
      </article>
    </div>
    <div
      className="modal-item-footer"
    >
      <button
        className="footer-submit"
        onClick={[Function]}
      >
        Submit
      </button>
    </div>
  </div>
</article>
`;
