// Jest Snapshot v1, https://goo.gl/fbAQLP

exports[`MainEditor ArcballCameraController test set currentSceneTreeNode to be camera add shade dom for transformComponent if has arcballCameraController test snapshot for transform component 1`] = `
<article
  className="wonder-inspector-transform"
>
  <div
    className="inspector-item"
  >
    <div
      className="item-header"
    >
      Position
    </div>
    <div
      className="item-content"
    >
      <article
        className="wonder-transform-template"
      >
        <article
          className="inspector-item"
        >
          <div
            className="item-header"
          >
            X
          </div>
          <div
            className="item-content"
          >
            <input
              className="input-component float-input"
              onBlur={[Function]}
              onChange={[Function]}
              type="text"
              value="0"
            />
          </div>
        </article>
        <article
          className="inspector-item"
        >
          <div
            className="item-header"
          >
            Y
          </div>
          <div
            className="item-content"
          >
            <input
              className="input-component float-input"
              onBlur={[Function]}
              onChange={[Function]}
              type="text"
              value="0"
            />
          </div>
        </article>
        <article
          className="inspector-item"
        >
          <div
            className="item-header"
          >
            Z
          </div>
          <div
            className="item-content"
          >
            <input
              className="input-component float-input"
              onBlur={[Function]}
              onChange={[Function]}
              type="text"
              value="4"
            />
          </div>
        </article>
      </article>
    </div>
  </div>
  <div
    className="inspector-item"
  >
    <div
      className="item-header"
    >
      Rotation
    </div>
    <div
      className="item-content"
    >
      <article
        className="wonder-transform-template"
      >
        <article
          className="inspector-item"
        >
          <div
            className="item-header"
          >
            X
          </div>
          <div
            className="item-content"
          >
            <input
              className="input-component float-input"
              onBlur={[Function]}
              onChange={[Function]}
              type="text"
              value="0"
            />
          </div>
        </article>
        <article
          className="inspector-item"
        >
          <div
            className="item-header"
          >
            Y
          </div>
          <div
            className="item-content"
          >
            <input
              className="input-component float-input"
              onBlur={[Function]}
              onChange={[Function]}
              type="text"
              value="0"
            />
          </div>
        </article>
        <article
          className="inspector-item"
        >
          <div
            className="item-header"
          >
            Z
          </div>
          <div
            className="item-content"
          >
            <input
              className="input-component float-input"
              onBlur={[Function]}
              onChange={[Function]}
              type="text"
              value="0"
            />
          </div>
        </article>
      </article>
    </div>
  </div>
  <div
    className="inspector-item"
  >
    <div
      className="item-header"
    >
      Scale
    </div>
    <div
      className="item-content"
    >
      <article
        className="wonder-transform-template"
      >
        <article
          className="inspector-item"
        >
          <div
            className="item-header"
          >
            X
          </div>
          <div
            className="item-content"
          >
            <input
              className="input-component float-input"
              onBlur={[Function]}
              onChange={[Function]}
              type="text"
              value="1"
            />
          </div>
        </article>
        <article
          className="inspector-item"
        >
          <div
            className="item-header"
          >
            Y
          </div>
          <div
            className="item-content"
          >
            <input
              className="input-component float-input"
              onBlur={[Function]}
              onChange={[Function]}
              type="text"
              value="1"
            />
          </div>
        </article>
        <article
          className="inspector-item"
        >
          <div
            className="item-header"
          >
            Z
          </div>
          <div
            className="item-content"
          >
            <input
              className="input-component float-input"
              onBlur={[Function]}
              onChange={[Function]}
              type="text"
              value="1"
            />
          </div>
        </article>
      </article>
    </div>
  </div>
  <div
    className="transform-shade"
  />
</article>
`;
