// Jest Snapshot v1, https://goo.gl/fbAQLP

exports[`redo_undo: basicMaterial texture test simulate set currentSceneTreeNode test not remove texture test redo operate test redo one step if not exec undo, redo one step, not change 1`] = `
<article
  className="wonder-inspector-material"
>
  <article
    className="wonder-material-color"
  >
    <div
      className=""
    >
      <span
        className=""
      >
        color : 
      </span>
      <span
        className=""
      >
        #ffffff
      </span>
      <button
        className=""
        onClick={[Function]}
      >
        pick color
      </button>
    </div>
  </article>
  <article
    className="wonder-material-texture"
  >
    <div
      className="texture_ground"
      onDragEnter={[Function]}
      onDragLeave={[Function]}
      onDragOver={[Function]}
      onDrop={[Function]}
      style={
        Object {
          "opacity": "1",
        }
      }
    />
    <span
      className=""
    >
      texture:
    </span>
    <img
      src="texture5img"
    />
    <button
      className="texture_remove"
      onClick={[Function]}
    >
      remove
    </button>
  </article>
</article>
`;

exports[`redo_undo: basicMaterial texture test simulate set currentSceneTreeNode test not remove texture test redo operate test redo one step undo step which from second to zero, redo step which from zero to first 1`] = `
<article
  className="wonder-inspector-material"
>
  <article
    className="wonder-material-color"
  >
    <div
      className=""
    >
      <span
        className=""
      >
        color : 
      </span>
      <span
        className=""
      >
        #ffffff
      </span>
      <button
        className=""
        onClick={[Function]}
      >
        pick color
      </button>
    </div>
  </article>
  <article
    className="wonder-material-texture"
  >
    <div
      className="texture_ground"
      onDragEnter={[Function]}
      onDragLeave={[Function]}
      onDragOver={[Function]}
      onDrop={[Function]}
      style={
        Object {
          "opacity": "1",
        }
      }
    />
    <span
      className=""
    >
      texture:
    </span>
    <img
      src="texture3img"
    />
    <button
      className="texture_remove"
      onClick={[Function]}
    >
      remove
    </button>
  </article>
</article>
`;

exports[`redo_undo: basicMaterial texture test simulate set currentSceneTreeNode test not remove texture test redo operate test redo three step test if current step is last step, execute redo, not change 1`] = `
<article
  className="wonder-inspector-material"
>
  <article
    className="wonder-material-color"
  >
    <div
      className=""
    >
      <span
        className=""
      >
        color : 
      </span>
      <span
        className=""
      >
        #ffffff
      </span>
      <button
        className=""
        onClick={[Function]}
      >
        pick color
      </button>
    </div>
  </article>
  <article
    className="wonder-material-texture"
  >
    <div
      className="texture_ground"
      onDragEnter={[Function]}
      onDragLeave={[Function]}
      onDragOver={[Function]}
      onDrop={[Function]}
      style={
        Object {
          "opacity": "1",
        }
      }
    />
    <span
      className=""
    >
      texture:
    </span>
    <img
      src="texture5img"
    />
    <button
      className="texture_remove"
      onClick={[Function]}
    >
      remove
    </button>
  </article>
</article>
`;

exports[`redo_undo: basicMaterial texture test simulate set currentSceneTreeNode test not remove texture test redo operate test redo two step undo step which from second to zero, redo step which from zero to second 1`] = `
<article
  className="wonder-inspector-material"
>
  <article
    className="wonder-material-color"
  >
    <div
      className=""
    >
      <span
        className=""
      >
        color : 
      </span>
      <span
        className=""
      >
        #ffffff
      </span>
      <button
        className=""
        onClick={[Function]}
      >
        pick color
      </button>
    </div>
  </article>
  <article
    className="wonder-material-texture"
  >
    <div
      className="texture_ground"
      onDragEnter={[Function]}
      onDragLeave={[Function]}
      onDragOver={[Function]}
      onDrop={[Function]}
      style={
        Object {
          "opacity": "1",
        }
      }
    />
    <span
      className=""
    >
      texture:
    </span>
    <img
      src="texture5img"
    />
    <button
      className="texture_remove"
      onClick={[Function]}
    >
      remove
    </button>
  </article>
</article>
`;

exports[`redo_undo: basicMaterial texture test simulate set currentSceneTreeNode test not remove texture test undo operate test not undo 1`] = `
<article
  className="wonder-inspector-material"
>
  <article
    className="wonder-material-color"
  >
    <div
      className=""
    >
      <span
        className=""
      >
        color : 
      </span>
      <span
        className=""
      >
        #ffffff
      </span>
      <button
        className=""
        onClick={[Function]}
      >
        pick color
      </button>
    </div>
  </article>
  <article
    className="wonder-material-texture"
  >
    <div
      className="texture_ground"
      onDragEnter={[Function]}
      onDragLeave={[Function]}
      onDragOver={[Function]}
      onDrop={[Function]}
      style={
        Object {
          "opacity": "1",
        }
      }
    />
    <span
      className=""
    >
      texture:
    </span>
    <img
      src="texture5img"
    />
    <button
      className="texture_remove"
      onClick={[Function]}
    >
      remove
    </button>
  </article>
</article>
`;

exports[`redo_undo: basicMaterial texture test simulate set currentSceneTreeNode test not remove texture test undo operate test undo one step step which from second to first 1`] = `
<article
  className="wonder-inspector-material"
>
  <article
    className="wonder-material-color"
  >
    <div
      className=""
    >
      <span
        className=""
      >
        color : 
      </span>
      <span
        className=""
      >
        #ffffff
      </span>
      <button
        className=""
        onClick={[Function]}
      >
        pick color
      </button>
    </div>
  </article>
  <article
    className="wonder-material-texture"
  >
    <div
      className="texture_ground"
      onDragEnter={[Function]}
      onDragLeave={[Function]}
      onDragOver={[Function]}
      onDrop={[Function]}
      style={
        Object {
          "opacity": "1",
        }
      }
    />
    <span
      className=""
    >
      texture:
    </span>
    <img
      src="texture3img"
    />
    <button
      className="texture_remove"
      onClick={[Function]}
    >
      remove
    </button>
  </article>
</article>
`;

exports[`redo_undo: basicMaterial texture test simulate set currentSceneTreeNode test not remove texture test undo operate test undo one step step which from second to zero 1`] = `
<article
  className="wonder-inspector-material"
>
  <article
    className="wonder-material-color"
  >
    <div
      className=""
    >
      <span
        className=""
      >
        color : 
      </span>
      <span
        className=""
      >
        #ffffff
      </span>
      <button
        className=""
        onClick={[Function]}
      >
        pick color
      </button>
    </div>
  </article>
  <article
    className="wonder-material-texture"
  >
    <div
      className="texture_ground"
      onDragEnter={[Function]}
      onDragLeave={[Function]}
      onDragOver={[Function]}
      onDrop={[Function]}
      style={
        Object {
          "opacity": "1",
        }
      }
    />
    <span
      className=""
    >
      texture:
    </span>
    <img
      src="./public/img/null.jpg"
    />
    <button
      className="texture_remove"
      onClick={[Function]}
    >
      remove
    </button>
  </article>
</article>
`;

exports[`redo_undo: basicMaterial texture test simulate set currentSceneTreeNode test remove texture test undo operate test not undo 1`] = `
<article
  className="wonder-inspector-material"
>
  <article
    className="wonder-material-color"
  >
    <div
      className=""
    >
      <span
        className=""
      >
        color : 
      </span>
      <span
        className=""
      >
        #ffffff
      </span>
      <button
        className=""
        onClick={[Function]}
      >
        pick color
      </button>
    </div>
  </article>
  <article
    className="wonder-material-texture"
  >
    <div
      className="texture_ground"
      onDragEnter={[Function]}
      onDragLeave={[Function]}
      onDragOver={[Function]}
      onDrop={[Function]}
      style={
        Object {
          "opacity": "1",
        }
      }
    />
    <span
      className=""
    >
      texture:
    </span>
    <img
      src="./public/img/null.jpg"
    />
    <button
      className="texture_remove"
      onClick={[Function]}
    >
      remove
    </button>
  </article>
</article>
`;

exports[`redo_undo: basicMaterial texture test simulate set currentSceneTreeNode test remove texture test undo operate test redo operate test redo one step if not exec undo, redo one step, not change 1`] = `
<article
  className="wonder-inspector-material"
>
  <article
    className="wonder-material-color"
  >
    <div
      className=""
    >
      <span
        className=""
      >
        color : 
      </span>
      <span
        className=""
      >
        #ffffff
      </span>
      <button
        className=""
        onClick={[Function]}
      >
        pick color
      </button>
    </div>
  </article>
  <article
    className="wonder-material-texture"
  >
    <div
      className="texture_ground"
      onDragEnter={[Function]}
      onDragLeave={[Function]}
      onDragOver={[Function]}
      onDrop={[Function]}
      style={
        Object {
          "opacity": "1",
        }
      }
    />
    <span
      className=""
    >
      texture:
    </span>
    <img
      src="./public/img/null.jpg"
    />
    <button
      className="texture_remove"
      onClick={[Function]}
    >
      remove
    </button>
  </article>
</article>
`;

exports[`redo_undo: basicMaterial texture test simulate set currentSceneTreeNode test remove texture test undo operate test redo operate test redo one step undo step which from first to zero, redo step which from zero to first 1`] = `
<article
  className="wonder-inspector-material"
>
  <article
    className="wonder-material-color"
  >
    <div
      className=""
    >
      <span
        className=""
      >
        color : 
      </span>
      <span
        className=""
      >
        #ffffff
      </span>
      <button
        className=""
        onClick={[Function]}
      >
        pick color
      </button>
    </div>
  </article>
  <article
    className="wonder-material-texture"
  >
    <div
      className="texture_ground"
      onDragEnter={[Function]}
      onDragLeave={[Function]}
      onDragOver={[Function]}
      onDrop={[Function]}
      style={
        Object {
          "opacity": "1",
        }
      }
    />
    <span
      className=""
    >
      texture:
    </span>
    <img
      src="./public/img/null.jpg"
    />
    <button
      className="texture_remove"
      onClick={[Function]}
    >
      remove
    </button>
  </article>
</article>
`;

exports[`redo_undo: basicMaterial texture test simulate set currentSceneTreeNode test remove texture test undo operate test undo one step step which from first to zero 1`] = `
<article
  className="wonder-inspector-material"
>
  <article
    className="wonder-material-color"
  >
    <div
      className=""
    >
      <span
        className=""
      >
        color : 
      </span>
      <span
        className=""
      >
        #ffffff
      </span>
      <button
        className=""
        onClick={[Function]}
      >
        pick color
      </button>
    </div>
  </article>
  <article
    className="wonder-material-texture"
  >
    <div
      className="texture_ground"
      onDragEnter={[Function]}
      onDragLeave={[Function]}
      onDragOver={[Function]}
      onDrop={[Function]}
      style={
        Object {
          "opacity": "1",
        }
      }
    />
    <span
      className=""
    >
      texture:
    </span>
    <img
      src="texture5img"
    />
    <button
      className="texture_remove"
      onClick={[Function]}
    >
      remove
    </button>
  </article>
</article>
`;
