// Jest Snapshot v1, https://goo.gl/fbAQLP

exports[`Header AssetBundle->generate all ab generate all ab test buildSelectTreeForGenerateAllAB should only has asset bundle assets 1`] = `
<article
  className="wonder-generateAllAB-modal"
>
  <div
    className="modal-item"
  >
    <div
      className="modal-item-header"
    >
      Generate All AB-&gt;zip from multiple 'Single AB'
      <img
        onClick={[Function]}
        src="./public/img/close.png"
      />
    </div>
    <div
      className="modal-item-content"
    >
      <div
        className="content-field"
      >
        <div
          className="field-title"
        >
          name
        </div>
        <div
          className="field-content"
        >
          <input
            className="input-component"
            onChange={[Function]}
            type="text"
            value="WonderAllAB"
          />
        </div>
      </div>
      <article
        className="wonder-textAreaInput"
      >
        <div
          className="content-field content-textarea"
        >
          <div
            className="field-title"
          >
            relation
          </div>
          <div
            className="field-content"
          >
            <textarea
              className="input-component"
              onChange={[Function]}
              type="text"
              value="
    (function() {
        var dependencyRelation = {};

        //todo need rewrite
        dependencyRelation[\\"A.sab\\"] = [\\"AssetBundle/B.rab\\", \\"AssetBundle/F/c.rab\\"];

        return dependencyRelation;
    }())
    "
            />
          </div>
        </div>
      </article>
      <article
        className="wonder-selectTree"
      >
        <ul
          className="wonder-tree-node"
        >
          <li>
            <div
              className="tree-container"
            >
              <input
                defaultChecked={false}
                onClick={[Function]}
                type="checkbox"
              />
              <img
                className="treeNode-icon"
                src="./public/img/selectFolder.png"
              />
              Assets
            </div>
          </li>
          <ul
            className="wonder-tree-node"
          >
            <li>
              <div
                className="tree-container"
              >
                <input
                  defaultChecked={false}
                  onClick={[Function]}
                  type="checkbox"
                />
                <img
                  className="treeNode-icon"
                  src="./public/img/selectFolder.png"
                />
                New Folder
              </div>
            </li>
            <ul
              className="wonder-tree-node"
            >
              <li>
                <div
                  className="tree-container"
                >
                  <input
                    defaultChecked={false}
                    onClick={[Function]}
                    type="checkbox"
                  />
                  <img
                    className="treeNode-icon"
                    src="./public/img/assetBundle.png"
                  />
                  A
                </div>
              </li>
            </ul>
          </ul>
        </ul>
      </article>
    </div>
    <div
      className="modal-item-footer"
    >
      <button
        className="footer-submit"
        onClick={[Function]}
      >
        Submit
      </button>
    </div>
  </div>
</article>
`;
